[    0.000000] Initializing cgroup subsys cpuset
[    0.000000] Initializing cgroup subsys cpu
[    0.000000] Initializing cgroup subsys cpuacct
[    0.000000] Linux version 4.4.0-210-generic (buildd@lgw01-amd64-009) (gcc version 5.4.0 20160609 (Ubuntu 5.4.0-6ubuntu1~16.04.12) ) #242-Ubuntu SMP Fri Apr 16 09:57:56 UTC 2021 (Ubuntu 4.4.0-210.242-generic 4.4.262)
[    0.000000] Command line: BOOT_IMAGE=/boot/vmlinuz-4.4.0-210-generic root=LABEL=cloudimg-rootfs ro console=tty1 console=ttyS0
[    0.000000] KERNEL supported cpus:
[    0.000000]   Intel GenuineIntel
[    0.000000]   AMD AuthenticAMD
[    0.000000]   Centaur CentaurHauls
[    0.000000] x86/fpu: xstate_offset[2]:  576, xstate_sizes[2]:  256
[    0.000000] x86/fpu: Supporting XSAVE feature 0x01: 'x87 floating point registers'
[    0.000000] x86/fpu: Supporting XSAVE feature 0x02: 'SSE registers'
[    0.000000] x86/fpu: Supporting XSAVE feature 0x04: 'AVX registers'
[    0.000000] x86/fpu: Enabled xstate features 0x7, context size is 832 bytes, using 'standard' format.
[    0.000000] e820: BIOS-provided physical RAM map:
[    0.000000] BIOS-e820: [mem 0x0000000000000000-0x000000000009fbff] usable
[    0.000000] BIOS-e820: [mem 0x000000000009fc00-0x000000000009ffff] reserved
[    0.000000] BIOS-e820: [mem 0x00000000000f0000-0x00000000000fffff] reserved
[    0.000000] BIOS-e820: [mem 0x0000000000100000-0x000000003ffeffff] usable
[    0.000000] BIOS-e820: [mem 0x000000003fff0000-0x000000003fffffff] ACPI data
[    0.000000] BIOS-e820: [mem 0x00000000fec00000-0x00000000fec00fff] reserved
[    0.000000] BIOS-e820: [mem 0x00000000fee00000-0x00000000fee00fff] reserved
[    0.000000] BIOS-e820: [mem 0x00000000fffc0000-0x00000000ffffffff] reserved
[    0.000000] NX (Execute Disable) protection: active
[    0.000000] SMBIOS 2.5 present.
[    0.000000] Hypervisor detected: KVM
[    0.000000] e820: last_pfn = 0x3fff0 max_arch_pfn = 0x400000000
[    0.000000] MTRR: Disabled
[    0.000000] x86/PAT: MTRRs disabled, skipping PAT initialization too.
[    0.000000] CPU MTRRs all blank - virtualized system.
[    0.000000] x86/PAT: Configuration [0-7]: WB  WT  UC- UC  WB  WT  UC- UC  
[    0.000000] found SMP MP-table at [mem 0x0009fff0-0x0009ffff] mapped at [ffff88000009fff0]
[    0.000000] Scanning 1 areas for low memory corruption
[    0.000000] RAMDISK: [mem 0x3613c000-0x37095fff]
[    0.000000] ACPI: Early table checksum verification disabled
[    0.000000] ACPI: RSDP 0x00000000000E0000 000024 (v02 VBOX  )
[    0.000000] ACPI: XSDT 0x000000003FFF0030 00003C (v01 VBOX   VBOXXSDT 00000001 ASL  00000061)
[    0.000000] ACPI: FACP 0x000000003FFF00F0 0000F4 (v04 VBOX   VBOXFACP 00000001 ASL  00000061)
[    0.000000] ACPI: DSDT 0x000000003FFF0470 002325 (v02 VBOX   VBOXBIOS 00000002 INTL 20190509)
[    0.000000] ACPI: FACS 0x000000003FFF0200 000040
[    0.000000] ACPI: FACS 0x000000003FFF0200 000040
[    0.000000] ACPI: APIC 0x000000003FFF0240 00005C (v02 VBOX   VBOXAPIC 00000001 ASL  00000061)
[    0.000000] ACPI: SSDT 0x000000003FFF02A0 0001CC (v01 VBOX   VBOXCPUT 00000002 INTL 20190509)
[    0.000000] No NUMA configuration found
[    0.000000] Faking a node at [mem 0x0000000000000000-0x000000003ffeffff]
[    0.000000] NODE_DATA(0) allocated [mem 0x3ffeb000-0x3ffeffff]
[    0.000000] kvm-clock: Using msrs 4b564d01 and 4b564d00
[    0.000000] kvm-clock: cpu 0, msr 0:3ffe3001, primary cpu clock
[    0.000000] kvm-clock: using sched offset of 3139256565 cycles
[    0.000000] clocksource: kvm-clock: mask: 0xffffffffffffffff max_cycles: 0x1cd42e4dffb, max_idle_ns: 881590591483 ns
[    0.000000] Zone ranges:
[    0.000000]   DMA      [mem 0x0000000000001000-0x0000000000ffffff]
[    0.000000]   DMA32    [mem 0x0000000001000000-0x000000003ffeffff]
[    0.000000]   Normal   empty
[    0.000000]   Device   empty
[    0.000000] Movable zone start for each node
[    0.000000] Early memory node ranges
[    0.000000]   node   0: [mem 0x0000000000001000-0x000000000009efff]
[    0.000000]   node   0: [mem 0x0000000000100000-0x000000003ffeffff]
[    0.000000] Initmem setup node 0 [mem 0x0000000000001000-0x000000003ffeffff]
[    0.000000] ACPI: PM-Timer IO Port: 0x4008
[    0.000000] IOAPIC[0]: apic_id 2, version 32, address 0xfec00000, GSI 0-23
[    0.000000] ACPI: INT_SRC_OVR (bus 0 bus_irq 0 global_irq 2 dfl dfl)
[    0.000000] ACPI: INT_SRC_OVR (bus 0 bus_irq 9 global_irq 9 low level)
[    0.000000] Using ACPI (MADT) for SMP configuration information
[    0.000000] smpboot: Allowing 2 CPUs, 0 hotplug CPUs
[    0.000000] PM: Registered nosave memory: [mem 0x00000000-0x00000fff]
[    0.000000] PM: Registered nosave memory: [mem 0x0009f000-0x0009ffff]
[    0.000000] PM: Registered nosave memory: [mem 0x000a0000-0x000effff]
[    0.000000] PM: Registered nosave memory: [mem 0x000f0000-0x000fffff]
[    0.000000] e820: [mem 0x40000000-0xfebfffff] available for PCI devices
[    0.000000] Booting paravirtualized kernel on KVM
[    0.000000] clocksource: refined-jiffies: mask: 0xffffffff max_cycles: 0xffffffff, max_idle_ns: 7645519600211568 ns
[    0.000000] setup_percpu: NR_CPUS:512 nr_cpumask_bits:512 nr_cpu_ids:2 nr_node_ids:1
[    0.000000] PERCPU: Embedded 33 pages/cpu @ffff88003fc00000 s95192 r8192 d31784 u1048576
[    0.000000] Built 1 zonelists in Node order, mobility grouping on.  Total pages: 257912
[    0.000000] Policy zone: DMA32
[    0.000000] Kernel command line: BOOT_IMAGE=/boot/vmlinuz-4.4.0-210-generic root=LABEL=cloudimg-rootfs ro console=tty1 console=ttyS0
[    0.000000] PID hash table entries: 4096 (order: 3, 32768 bytes)
[    0.000000] Memory: 996960K/1048120K available (8644K kernel code, 1332K rwdata, 4044K rodata, 1492K init, 1164K bss, 51160K reserved, 0K cma-reserved)
[    0.000000] SLUB: HWalign=64, Order=0-3, MinObjects=0, CPUs=2, Nodes=1
[    0.000000] Kernel/User page tables isolation: enabled
[    0.000000] Hierarchical RCU implementation.
[    0.000000] 	Build-time adjustment of leaf fanout to 64.
[    0.000000] 	RCU restricting CPUs from NR_CPUS=512 to nr_cpu_ids=2.
[    0.000000] RCU: Adjusting geometry for rcu_fanout_leaf=64, nr_cpu_ids=2
[    0.000000] NR_IRQS:33024 nr_irqs:440 16
[    0.000000] Console: colour VGA+ 80x25
[    0.000000] console [tty1] enabled
[    0.000000] console [ttyS0] enabled
[    0.000000] tsc: Detected 2808.006 MHz processor
[    0.100242] Calibrating delay loop (skipped) preset value.. 5616.01 BogoMIPS (lpj=11232024)
[    0.101525] pid_max: default: 32768 minimum: 301
[    0.102181] ACPI: Core revision 20150930
[    0.103474] ACPI: 2 ACPI AML tables successfully acquired and loaded
[    0.104522] Security Framework initialized
[    0.105102] Yama: becoming mindful.
[    0.105721] AppArmor: AppArmor initialized
[    0.106360] Dentry cache hash table entries: 131072 (order: 8, 1048576 bytes)
[    0.107769] Inode-cache hash table entries: 65536 (order: 7, 524288 bytes)
[    0.108699] Mount-cache hash table entries: 2048 (order: 2, 16384 bytes)
[    0.109608] Mountpoint-cache hash table entries: 2048 (order: 2, 16384 bytes)
[    0.111109] Initializing cgroup subsys io
[    0.111821] Initializing cgroup subsys memory
[    0.112612] Initializing cgroup subsys devices
[    0.113233] Initializing cgroup subsys freezer
[    0.113918] Initializing cgroup subsys net_cls
[    0.114542] Initializing cgroup subsys perf_event
[    0.115189] Initializing cgroup subsys net_prio
[    0.115887] Initializing cgroup subsys hugetlb
[    0.116512] Initializing cgroup subsys pids
[    0.118174] mce: CPU supports 0 MCE banks
[    0.119609] Last level iTLB entries: 4KB 64, 2MB 8, 4MB 8
[    0.121509] Last level dTLB entries: 4KB 64, 2MB 0, 4MB 0, 1GB 4
[    0.123150] Spectre V1 : Mitigation: usercopy/swapgs barriers and __user pointer sanitization
[    0.125000] Spectre V2 : Mitigation: Full generic retpoline
[    0.126066] Spectre V2 : Spectre v2 / SpectreRSB mitigation: Filling RSB on context switch
[    0.127726] Speculative Store Bypass: Vulnerable
[    0.128573] SRBDS: Unknown: Dependent on hypervisor status
[    0.129509] MDS: Mitigation: Clear CPU buffers
[    0.132699] Freeing SMP alternatives memory: 36K
[    0.139157] ftrace: allocating 32380 entries in 127 pages
[    0.184991] smpboot: APIC(0) Converting physical 0 to logical package 0
[    0.185930] smpboot: Max logical packages: 1
[    0.186727] x2apic enabled
[    0.187389] Switched APIC routing to physical x2apic.
[    0.188920] ..TIMER: vector=0x30 apic1=0 pin1=2 apic2=-1 pin2=-1
[    0.297833] smpboot: CPU0: Intel(R) Xeon(R) E-2276M  CPU @ 2.80GHz (family: 0x6, model: 0x9e, stepping: 0xd)
[    0.299291] Performance Events: unsupported p6 CPU model 158 no PMU driver, software events only.
[    0.308314] KVM setup paravirtual spinlock
[    0.309366] x86: Booting SMP configuration:
[    0.310036] .... node  #0, CPUs:      #1
[    0.310876] kvm-clock: cpu 1, msr 0:3ffe3041, secondary cpu clock
[    0.312386] mce: CPU supports 0 MCE banks
[    0.314728] x86: Booted up 1 node, 2 CPUs
[    0.315414] smpboot: Total of 2 processors activated (11232.02 BogoMIPS)
[    0.316657] devtmpfs: initialized
[    0.318515] evm: security.selinux
[    0.319059] evm: security.SMACK64
[    0.319538] evm: security.SMACK64EXEC
[    0.320051] evm: security.SMACK64TRANSMUTE
[    0.320603] evm: security.SMACK64MMAP
[    0.321118] evm: security.ima
[    0.321662] evm: security.capability
[    0.322399] clocksource: jiffies: mask: 0xffffffff max_cycles: 0xffffffff, max_idle_ns: 7645041785100000 ns
[    0.323760] futex hash table entries: 512 (order: 3, 32768 bytes)
[    0.324699] pinctrl core: initialized pinctrl subsystem
[    0.325507] RTC time:  1:44:59, date: 04/08/22
[    0.326236] NET: Registered protocol family 16
[    0.337893] cpuidle: using governor ladder
[    0.350066] cpuidle: using governor menu
[    0.350691] PCCT header not found.
[    0.351239] ACPI: bus type PCI registered
[    0.351856] acpiphp: ACPI Hot Plug PCI Controller Driver version: 0.5
[    0.352728] PCI: Using configuration type 1 for base access
[    0.365942] ACPI: Added _OSI(Module Device)
[    0.366536] ACPI: Added _OSI(Processor Device)
[    0.367202] ACPI: Added _OSI(3.0 _SCP Extensions)
[    0.367818] ACPI: Added _OSI(Processor Aggregator Device)
[    0.368950] ACPI: Executed 1 blocks of module-level executable AML code
[    0.371278] ACPI: Interpreter enabled
[    0.371799] ACPI: (supports S0 S5)
[    0.372308] ACPI: Using IOAPIC for interrupt routing
[    0.373108] PCI: Using host bridge windows from ACPI; if necessary, use "pci=nocrs" and report a bug
[    0.377983] ACPI: PCI Root Bridge [PCI0] (domain 0000 [bus 00-ff])
[    0.379859] acpi PNP0A03:00: _OSC: OS supports [ASPM ClockPM Segments MSI]
[    0.382069] acpi PNP0A03:00: _OSC: not requesting OS control; OS requires [ExtendedConfig ASPM ClockPM MSI]
[    0.384724] acpi PNP0A03:00: fail to add MMCONFIG information, can't access extended PCI configuration space under this bridge.
[    0.388433] PCI host bridge to bus 0000:00
[    0.389599] pci_bus 0000:00: root bus resource [io  0x0000-0x0cf7 window]
[    0.391304] pci_bus 0000:00: root bus resource [io  0x0d00-0xffff window]
[    0.392117] pci_bus 0000:00: root bus resource [mem 0x000a0000-0x000bffff window]
[    0.393134] pci_bus 0000:00: root bus resource [mem 0x40000000-0xfdffffff window]
[    0.394470] pci_bus 0000:00: root bus resource [bus 00-ff]
[    0.396235] pci 0000:00:01.1: legacy IDE quirk: reg 0x10: [io  0x01f0-0x01f7]
[    0.397074] pci 0000:00:01.1: legacy IDE quirk: reg 0x14: [io  0x03f6]
[    0.397934] pci 0000:00:01.1: legacy IDE quirk: reg 0x18: [io  0x0170-0x0177]
[    0.405513] pci 0000:00:01.1: legacy IDE quirk: reg 0x1c: [io  0x0376]
[    0.415110] pci 0000:00:07.0: quirk: [io  0x4000-0x403f] claimed by PIIX4 ACPI
[    0.416172] pci 0000:00:07.0: quirk: [io  0x4100-0x410f] claimed by PIIX4 SMB
[    0.421986] ACPI: PCI Interrupt Link [LNKA] (IRQs 5 9 10 *11)
[    0.423148] ACPI: PCI Interrupt Link [LNKB] (IRQs 5 9 *10 11)
[    0.424355] ACPI: PCI Interrupt Link [LNKC] (IRQs 5 *9 10 11)
[    0.425431] ACPI: PCI Interrupt Link [LNKD] (IRQs 5 9 10 *11)
[    0.426578] ACPI: Enabled 2 GPEs in block 00 to 07
[    0.427726] vgaarb: setting as boot device: PCI:0000:00:02.0
[    0.428442] vgaarb: device added: PCI:0000:00:02.0,decodes=io+mem,owns=io+mem,locks=none
[    0.429692] vgaarb: loaded
[    0.430119] vgaarb: bridge control possible 0000:00:02.0
[    0.431013] SCSI subsystem initialized
[    0.431728] ACPI: bus type USB registered
[    0.432369] usbcore: registered new interface driver usbfs
[    0.433068] usbcore: registered new interface driver hub
[    0.433797] usbcore: registered new device driver usb
[    0.435166] PCI: Using ACPI for IRQ routing
[    0.435980] NetLabel: Initializing
[    0.436524] NetLabel:  domain hash size = 128
[    0.437121] NetLabel:  protocols = UNLABELED CIPSOv4
[    0.437850] NetLabel:  unlabeled traffic allowed by default
[    0.438756] amd_nb: Cannot enumerate AMD northbridges
[    0.439471] clocksource: Switched to clocksource kvm-clock
[    0.444348] AppArmor: AppArmor Filesystem Enabled
[    0.445024] pnp: PnP ACPI init
[    0.446031] pnp: PnP ACPI: found 3 devices
[    0.453726] clocksource: acpi_pm: mask: 0xffffff max_cycles: 0xffffff, max_idle_ns: 2085701024 ns
[    0.454983] NET: Registered protocol family 2
[    0.455674] TCP established hash table entries: 8192 (order: 4, 65536 bytes)
[    0.456560] TCP bind hash table entries: 8192 (order: 5, 131072 bytes)
[    0.457478] TCP: Hash tables configured (established 8192 bind 8192)
[    0.458259] UDP hash table entries: 512 (order: 2, 16384 bytes)
[    0.458992] UDP-Lite hash table entries: 512 (order: 2, 16384 bytes)
[    0.459864] NET: Registered protocol family 1
[    0.460633] pci 0000:00:00.0: Limiting direct PCI/PCI transfers
[    0.461483] pci 0000:00:01.0: Activating ISA DMA hang workarounds
[    0.462371] Unpacking initramfs...
[    0.628453] Freeing initrd memory: 15720K
[    0.629294] clocksource: tsc: mask: 0xffffffffffffffff max_cycles: 0x2879cbf0535, max_idle_ns: 440795305184 ns
[    0.630770] platform rtc_cmos: registered platform RTC device (no PNP device found)
[    0.631923] Scanning for low memory corruption every 60 seconds
[    0.633317] audit: initializing netlink subsys (disabled)
[    0.634174] audit: type=2000 audit(1649382304.755:1): initialized
[    0.635111] Initialise system trusted keyring
[    0.635841] HugeTLB registered 2 MB page size, pre-allocated 0 pages
[    0.637552] zbud: loaded
[    0.638332] VFS: Disk quotas dquot_6.6.0
[    0.638968] VFS: Dquot-cache hash table entries: 512 (order 0, 4096 bytes)
[    0.640092] squashfs: version 4.0 (2009/01/31) Phillip Lougher
[    0.641219] fuse init (API version 7.23)
[    0.641961] Key type big_key registered
[    0.642577] Allocating IMA MOK and blacklist keyrings.
[    0.644302] Key type asymmetric registered
[    0.644874] Asymmetric key parser 'x509' registered
[    0.645612] Block layer SCSI generic (bsg) driver version 0.4 loaded (major 249)
[    0.646770] io scheduler noop registered
[    0.647324] io scheduler deadline registered (default)
[    0.648051] io scheduler cfq registered
[    0.648701] pci_hotplug: PCI Hot Plug PCI Core version: 0.5
[    0.649480] pciehp: PCI Express Hot Plug Controller Driver version: 0.4
[    0.650396] ACPI: AC Adapter [AC] (on-line)
[    0.651005] input: Power Button as /devices/LNXSYSTM:00/LNXPWRBN:00/input/input0
[    0.652062] ACPI: Power Button [PWRF]
[    0.652632] input: Sleep Button as /devices/LNXSYSTM:00/LNXSLPBN:00/input/input1
[    0.653773] ACPI: Sleep Button [SLPF]
[    0.654497] GHES: HEST is not enabled!
[    0.654894] ACPI: Battery Slot [BAT0] (battery present)
[    0.655872] Serial: 8250/16550 driver, 32 ports, IRQ sharing enabled
[    0.677034] 00:02: ttyS0 at I/O 0x3f8 (irq = 4, base_baud = 115200) is a 16550A
[    0.679856] Linux agpgart interface v0.103
[    0.681586] loop: module loaded
[    0.682422] scsi host0: ata_piix
[    0.682989] scsi host1: ata_piix
[    0.683572] ata1: PATA max UDMA/33 cmd 0x1f0 ctl 0x3f6 bmdma 0xd000 irq 14
[    0.684402] ata2: PATA max UDMA/33 cmd 0x170 ctl 0x376 bmdma 0xd008 irq 15
[    0.685294] libphy: Fixed MDIO Bus: probed
[    0.685889] tun: Universal TUN/TAP device driver, 1.6
[    0.686555] tun: (C) 1999-2004 Max Krasnyansky <maxk@qualcomm.com>
[    0.687409] PPP generic driver version 2.4.2
[    0.688102] ehci_hcd: USB 2.0 'Enhanced' Host Controller (EHCI) Driver
[    0.688905] ehci-pci: EHCI PCI platform driver
[    0.689563] ehci-platform: EHCI generic platform driver
[    0.690246] ohci_hcd: USB 1.1 'Open' Host Controller (OHCI) Driver
[    0.691014] ohci-pci: OHCI PCI platform driver
[    0.691653] ohci-platform: OHCI generic platform driver
[    0.692352] uhci_hcd: USB Universal Host Controller Interface driver
[    0.693169] i8042: PNP: PS/2 Controller [PNP0303:PS2K,PNP0f03:PS2M] at 0x60,0x64 irq 1,12
[    0.694760] serio: i8042 KBD port at 0x60,0x64 irq 1
[    0.695482] serio: i8042 AUX port at 0x60,0x64 irq 12
[    0.696378] mousedev: PS/2 mouse device common for all mice
[    0.697462] input: AT Translated Set 2 keyboard as /devices/platform/i8042/serio0/input/input2
[    0.698942] rtc_cmos rtc_cmos: rtc core: registered rtc_cmos as rtc0
[    0.699851] rtc_cmos rtc_cmos: alarms up to one day, 114 bytes nvram
[    0.700647] i2c /dev entries driver
[    0.701255] device-mapper: uevent: version 1.0.3
[    0.702075] device-mapper: ioctl: 4.34.0-ioctl (2015-10-28) initialised: dm-devel@redhat.com
[    0.703206] ledtrig-cpu: registered to indicate activity on CPUs
[    0.704269] NET: Registered protocol family 10
[    0.705082] NET: Registered protocol family 17
[    0.705718] Key type dns_resolver registered
[    0.706803] registered taskstats version 1
[    0.707381] Loading compiled-in X.509 certificates
[    0.708410] Loaded X.509 cert 'Build time autogenerated kernel key: cf00e047681d67edb2720680708b7d9498083038'
[    0.709692] zswap: loaded using pool lzo/zbud
[    0.711597] Key type trusted registered
[    0.714409] Key type encrypted registered
[    0.714975] AppArmor: AppArmor sha1 policy hashing enabled
[    0.715724] ima: No TPM chip found, activating TPM-bypass!
[    0.716433] ima: Allocated hash algorithm: sha1
[    0.717075] evm: HMAC attrs: 0x1
[    0.717915]   Magic number: 2:375:710
[    0.718529] rtc_cmos rtc_cmos: setting system clock to 2022-04-08 01:44:59 UTC (1649382299)
[    0.719854] BIOS EDD facility v0.16 2004-Jun-25, 0 devices found
[    0.720604] EDD information not available.
[    0.863762] Freeing unused kernel memory: 1492K
[    0.864432] Write protecting the kernel read-only data: 14336k
[    0.865631] Freeing unused kernel memory: 1584K
[    0.866361] Freeing unused kernel memory: 52K
Loading, please wait...
starting version 229
[    0.875990] random: systemd-udevd: uninitialized urandom read (16 bytes read, 1 bits of entropy available)
[    0.876398] random: udevadm: uninitialized urandom read (16 bytes read, 1 bits of entropy available)
[    0.876409] random: udevadm: uninitialized urandom read (16 bytes read, 1 bits of entropy available)
[    0.880433] random: systemd-udevd: uninitialized urandom read (16 bytes read, 1 bits of entropy available)
[    0.881662] random: udevadm: uninitialized urandom read (16 bytes read, 1 bits of entropy available)
[    0.881690] random: udevadm: uninitialized urandom read (16 bytes read, 1 bits of entropy available)
[    0.881777] random: udevadm: uninitialized urandom read (16 bytes read, 1 bits of entropy available)
[    0.881811] random: udevadm: uninitialized urandom read (16 bytes read, 1 bits of entropy available)
[    0.881843] random: udevadm: uninitialized urandom read (16 bytes read, 1 bits of entropy available)
[    0.881875] random: udevadm: uninitialized urandom read (16 bytes read, 1 bits of entropy available)
[    0.907417] e1000: Intel(R) PRO/1000 Network Driver - version 7.3.21-k8-NAPI
[    0.908344] e1000: Copyright (c) 1999-2006 Intel Corporation.
[    0.911289] Fusion MPT base driver 3.04.20
[    0.911986] Copyright (c) 1999-2008 LSI Corporation
[    0.919841] Fusion MPT SPI Host driver 3.04.20
[    0.925753] [drm] Initialized drm 1.1.0 20060810
[    0.926619] AVX2 version of gcm_enc/dec engaged.
[    0.927527] AES CTR mode by8 optimization enabled
[    0.941768] vboxvideo: loading out-of-tree module taints kernel.
[    0.942816] vboxvideo: module verification failed: signature and/or required key missing - tainting kernel
[    0.944755] vboxvideo: loading version 6.1.32 r149290
[    1.117107] input: ImExPS/2 Generic Explorer Mouse as /devices/platform/i8042/serio1/input/input4
[    1.242447] e1000 0000:00:03.0 eth0: (PCI:33MHz:32-bit) 02:be:82:6b:cc:1d
[    1.243363] e1000 0000:00:03.0 eth0: Intel(R) PRO/1000 Network Connection
[    1.244849] mptbase: ioc0: Initiating bringup
[    1.664552] ioc0: LSI53C1030 A0: Capabilities={Initiator}
[    3.636221] scsi host2: ioc0: LSI53C1030 A0, FwRev=00000000h, Ports=1, MaxQ=256, IRQ=20
[    4.529900] scsi 2:0:0:0: Direct-Access     VBOX     HARDDISK         1.0  PQ: 0 ANSI: 5
[    4.535056] scsi target2:0:0: Beginning Domain Validation
[    4.537263] [drm] VRAM 01000000
[    4.538027] [TTM] Zone  kernel: Available graphics memory: 507922 kiB
[    4.538814] [TTM] Initializing pool allocator
[    4.539607] [TTM] Initializing DMA pool allocator
[    4.548264] scsi target2:0:0: Domain Validation skipping write tests
[    4.549135] scsi target2:0:0: Ending Domain Validation
[    4.549930] scsi target2:0:0: asynchronous
[    4.550614] fbcon: vboxdrmfb (fb0) is primary device
[    4.550923] scsi 2:0:1:0: Direct-Access     VBOX     HARDDISK         1.0  PQ: 0 ANSI: 5
[    4.550926] scsi target2:0:1: Beginning Domain Validation
[    4.551437] scsi target2:0:1: Domain Validation skipping write tests
[    4.551438] scsi target2:0:1: Ending Domain Validation
[    4.551464] scsi target2:0:1: asynchronous
[    4.555761] Console: switching to colour frame buffer device 100x37
[    4.559624] vboxvideo 0000:00:02.0: fb0: vboxdrmfb frame buffer device
[    4.560031] sd 2:0:0:0: Attached scsi generic sg0 type 0
[    4.560141] sd 2:0:1:0: Attached scsi generic sg1 type 0
[    4.560882] sd 2:0:0:0: [sda] 83886080 512-byte logical blocks: (42.9 GB/40.0 GiB)
[    4.560897] sd 2:0:1:0: [sdb] 20480 512-byte logical blocks: (10.5 MB/10.0 MiB)
[    4.562634] sd 2:0:0:0: [sda] Write Protect is off
[    4.563185] sd 2:0:1:0: [sdb] Write Protect is off
[    4.563914] sd 2:0:0:0: [sda] Incomplete mode parameter data
[    4.564528] sd 2:0:0:0: [sda] Assuming drive cache: write through
[    4.565307] sd 2:0:1:0: [sdb] Incomplete mode parameter data
[    4.566040] sd 2:0:1:0: [sdb] Assuming drive cache: write through
[    4.569246]  sda: sda1
[    4.570400] sd 2:0:0:0: [sda] Attached SCSI disk
[    4.571063] sd 2:0:1:0: [sdb] Attached SCSI disk
[    4.571498] [drm] Initialized vboxvideo 1.0.0 20130823 for 0000:00:02.0 on minor 0
[    4.962608] e1000 0000:00:08.0 eth1: (PCI:33MHz:32-bit) 08:00:27:af:10:fc
[    4.965795] e1000 0000:00:08.0 eth1: Intel(R) PRO/1000 Network Connection
[    4.972883] e1000 0000:00:08.0 enp0s8: renamed from eth1
[    4.987889] e1000 0000:00:03.0 enp0s3: renamed from eth0
Begin: Loading essential drivers ... [    5.040621] md: linear personality registered for level -1
[    5.044646] md: multipath personality registered for level -4
[    5.049122] md: raid0 personality registered for level 0
[    5.052234] md: raid1 personality registered for level 1
[    5.123509] raid6: sse2x1   gen() 13342 MB/s
[    5.191503] raid6: sse2x1   xor()  8776 MB/s
[    5.259515] raid6: sse2x2   gen() 18360 MB/s
[    5.327508] raid6: sse2x2   xor() 12151 MB/s
[    5.395506] raid6: sse2x4   gen() 19994 MB/s
[    5.465458] raid6: sse2x4   xor() 11677 MB/s
[    5.531509] raid6: avx2x1   gen() 25094 MB/s
[    5.599503] raid6: avx2x2   gen() 32781 MB/s
[    5.667510] raid6: avx2x4   gen() 36296 MB/s
[    5.668179] raid6: using algorithm avx2x4 gen() 36296 MB/s
[    5.668878] raid6: using avx2x2 recovery algorithm
[    5.670409] xor: automatically using best checksumming function:
[    5.747549]    avx       : 115405.000 MB/sec
[    5.748811] async_tx: api initialized (async)
[    5.754788] md: raid6 personality registered for level 6
[    5.755525] md: raid5 personality registered for level 5
[    5.756180] md: raid4 personality registered for level 4
[    5.761290] md: raid10 personality registered for level 10
done.
Begin: Running /scripts/init-premount ... done.
Begin: Mounting root file system ... Begin: Running /scripts/local-top ... done.
Begin: Running /scripts/local-premount ... [    5.780924] Btrfs loaded
Scanning for Btrfs filesystems
done.
Begin: Will now check root file system ... fsck from util-linux 2.27.1
[/sbin/fsck.ext4 (1) -- /dev/sda1] fsck.ext4 -a -C0 /dev/sda1 
cloudimg-rootfs: clean, 65886/5120000 files, 646129/10485499 blocks
done.
[    5.817724] EXT4-fs (sda1): mounted filesystem with ordered data mode. Opts: (null)
done.
Begin: Running /scripts/local-bottom ... done.
Begin: Running /scripts/init-bottom ... done.
[    5.901914] systemd[1]: systemd 229 running in system mode. (+PAM +AUDIT +SELINUX +IMA +APPARMOR +SMACK +SYSVINIT +UTMP +LIBCRYPTSETUP +GCRYPT +GNUTLS +ACL +XZ -LZ4 +SECCOMP +BLKID +ELFUTILS +KMOD -IDN)
[    5.904185] systemd[1]: Detected virtualization oracle.
[    5.904920] systemd[1]: Detected architecture x86-64.

Welcome to [1mUbuntu 16.04.7 LTS[0m!

[    5.907745] systemd[1]: Set hostname to <web1>.
[    6.006086] systemd[1]: Listening on fsck to fsckd communication Socket.
[[0;32m  OK  [0m] Listening on fsck to fsckd communication Socket.
[    6.011580] systemd[1]: Listening on /dev/initctl Compatibility Named Pipe.
[[0;32m  OK  [0m] Listening on /dev/initctl Compatibility Named Pipe.
[    6.013155] systemd[1]: Listening on Device-mapper event daemon FIFOs.
[[0;32m  OK  [0m] Listening on Device-mapper event daemon FIFOs.
[    6.014730] systemd[1]: Reached target Swap.
[[0;32m  OK  [0m] Reached target Swap.
[    6.015905] systemd[1]: Listening on udev Kernel Socket.
[[0;32m  OK  [0m] Listening on udev Kernel Socket.
[    6.017318] systemd[1]: Listening on Syslog Socket.
[[0;32m  OK  [0m] Listening on Syslog Socket.
[    6.018853] systemd[1]: Created slice User and Session Slice.
[[0;32m  OK  [0m] Created slice User and Session Slice.
[    6.020356] systemd[1]: Reached target Encrypted Volumes.
[[0;32m  OK  [0m] Reached target Encrypted Volumes.
[    6.021806] systemd[1]: Listening on Journal Audit Socket.
[[0;32m  OK  [0m] Listening on Journal Audit Socket.
[    6.023242] systemd[1]: Listening on Journal Socket.
[[0;32m  OK  [0m] Listening on Journal Socket.
[    6.024726] systemd[1]: Set up automount Arbitrary Executable File Formats File System Automount Point.
[[0;32m  OK  [0m] Set up automount Arbitrary Executab...ats File System Automount Point.
[    6.027116] systemd[1]: Started Forward Password Requests to Wall Directory Watch.
[[0;32m  OK  [0m] Started Forward Password Requests to Wall Directory Watch.
[    6.028972] systemd[1]: Listening on Journal Socket (/dev/log).
[[0;32m  OK  [0m] Listening on Journal Socket (/dev/log).
[    6.030532] systemd[1]: Listening on udev Control Socket.
[[0;32m  OK  [0m] Listening on udev Control Socket.
[    6.032015] systemd[1]: Started Trigger resolvconf update for networkd DNS.
[[0;32m  OK  [0m] Started Trigger resolvconf update for networkd DNS.
[    6.033974] systemd[1]: Created slice System Slice.
[[0;32m  OK  [0m] Created slice System Slice.
[    6.051640] systemd[1]: Starting Load Kernel Modules...
         Starting Load Kernel Modules...
[    6.053742] systemd[1]: Mounting Debug File System...
         Mounting Debug File System...
[    6.056479] systemd[1]: Starting Create list of required static device nodes for the current kernel...
         Starting Create list of required st... nodes for the current kernel...
[    6.059395] Loading iSCSI transport class v2.0-870.
[    6.059633] systemd[1]: Starting Uncomplicated firewall...
         Starting Uncomplicated firewall...
[    6.062449] systemd[1]: Mounting Huge Pages File System...
         Mounting Huge Pages File System...
[    6.064458] systemd[1]: Reached target Slices.
[[0;32m  OK  [0m] Reached target Slices.
[    6.066228] systemd[1]: Starting Journal Service...
         Starting Journal Service...
[    6.068222] systemd[1]: Starting Remount Root and Kernel File Systems...
         Starting Remount Root and Kernel File Systems...
[    6.071119] systemd[1]: Mounting POSIX Message Queue File System...
         Mounting POSIX Message Queue File System...
[    6.073501] systemd[1]: Starting Nameserver information manager...
[    6.074472] EXT4-fs (sda1): re-mounted. Opts: (null)
[    6.074629] iscsi: registered transport (tcp)
         Starting Nameserver information manager...
[    6.077567] systemd[1]: Created slice system-serial\x2dgetty.slice.
[[0;32m  OK  [0m] Created slice system-serial\x2dgetty.slice.
[    6.079190] systemd[1]: Listening on LVM2 metadata daemon socket.
[[0;32m  OK  [0m] Listening on LVM2 metadata daemon socket.
[    6.090401] systemd[1]: Starting Monitoring of LVM2 mirrors, snapshots etc. using dmeventd or progress polling...
         Starting Monitoring of LVM2 mirrors... dmeventd or progress polling...
[    6.092893] systemd[1]: Listening on LVM2 poll daemon socket.
[[0;32m  OK  [0m] Listening on LVM2 poll daemon socket.
[    6.094700] systemd[1]: Reached target System Time Synchronized.
[[0;32m  OK  [0m] Reached target System Time Synchronized.
[    6.096816] systemd[1]: Starting Set console keymap...
         Starting Set console keymap...
[    6.098450] systemd[1]: Reached target User and Group Name Lookups.
[[0;32m  OK  [0m] Reached target User and Group Name Lookups.
[    6.102159] systemd[1]: Mounted Huge Pages File System.
[[0;32m  OK  [0m] Mounted Huge Pages File System.
[    6.104026] systemd[1]: Mounted POSIX Message Queue File System.
[[0;32m  OK  [0m] Mounted POSIX Message Queue File System.
[    6.106082] systemd[1]: Mounted Debug File System.
[[0;32m  OK  [0[    6.107236] iscsi: registered transport (iser)
m] Mounted Debug File System.
[    6.108092] systemd[1]: Started Journal Service.
[[0;32m  OK  [0m] Started Journal Service.
[[0;32m  OK  [0m] Started Load Kernel Modules.
[[0;32m  OK  [0m] Started Create list of required sta...ce nodes for the current kernel.
[[0;32m  OK  [0m] Started Uncomplicated firewall.
[[0;32m  OK  [0m] Started Remount Root and Kernel File Systems.
[[0;32m  OK  [0m] Started Set console keymap.
[[0;32m  OK  [0m] Started LVM2 metadata daemon.
         Starting udev Coldplug all Devices...
         Starting Load/Save Random Seed...
         Starting Create Static Device Nodes in /dev...
         Starting Apply Kernel Variables...
         Mounting FUSE Control File System...
         Starting Flush Journal to Persistent Storage...
[[0;32m  OK  [0m] Started Nameserver information manager.
[[0;32m  OK  [0m] Started Load/Save Random Seed.
[[0;32m  OK  [0m] Mounted FUSE Control File System.
[[0;32m  OK  [0m] Started Apply Kernel Variables.
[[0;32m  OK  [0m] Started Flush Journal to Persistent Storage.
[[0;32m  OK  [0m] Started Create Static Device Nodes in /dev.
         Starting udev Kernel Device Manager...
[[0;32m  OK  [0m] Started udev Kernel Device Manager.
[[0;32m  OK  [0m] Started udev Coldplug all Devices.
[[0;32m  OK  [0m] Started Dispatch Password Requests to Console Directory Watch.
[[0;32m  OK  [0m] Found device /dev/ttyS0.
[[0;32m  OK  [0m] Listening on Load/Save RF Kill Switch Status /dev/rfkill Watch.
[[0;32m  OK  [0m] Found device 82540EM Gigabit Ethern...r (PRO/1000 MT Desktop Adapter).
[[0;32m  OK  [0m] Found device 82540EM Gigabit Ethern...r (PRO/1000 MT Desktop Adapter).
[[0;32m  OK  [0m] Started Monitoring of LVM2 mirrors,...ng dmeventd or progress polling.
[[0;32m  OK  [0m] Reached target Local File Systems (Pre).
[[0;32m  OK  [0m] Reached target Local File Systems.
         Starting Set console font and keymap...
         Starting Tell Plymouth To Write Out Runtime Data...
         Starting Initial cloud-init job (pre-networking)...
         Starting Create Volatile Files and Directories...
         Starting LSB: AppArmor initialization...
[[0;32m  OK  [0m] Started Tell Plymouth To Write Out Runtime Data.
[[0;32m  OK  [0m] Started Create Volatile Files and Directories.
         Starting Update UTMP about System Boot/Shutdown...
[[0;32m  OK  [0m] Started Update UTMP about System Boot/Shutdown.
[[0;32m  OK  [0m] Started LSB: AppArmor initialization.
         Starting Load AppArmor profiles managed internally by snapd...
[[0;32m  OK  [0m] Started Load AppArmor profiles managed internally by snapd.
[[0;32m  OK  [0m] Started Set console font and keymap.
[[0;32m  OK  [0m] Created slice system-getty.slice.
[    7.174284] cloud-init[650]: Cloud-init v. 21.1-19-gbad84ad4-0ubuntu1~16.04.2 running 'init-local' at Fri, 08 Apr 2022 01:45:05 +0000. Up 6.99 seconds.
[[0;32m  OK  [0m] Started Initial cloud-init job (pre-networking).
[[0;32m  OK  [0m] Reached target Network (Pre).
         Starting Raise network interfaces...
[[0;32m  OK  [0m] Started ifup for enp0s8.
[[0;32m  OK  [0m] Started ifup for enp0s3.
[[0;32m  OK  [0m] Started Raise network interfaces.
         Starting Initial cloud-init job (metadata service crawler)...
[[0;32m  OK  [0m] Reached target Network.
[    7.655920] cloud-init[1083]: Cloud-init v. 21.1-19-gbad84ad4-0ubuntu1~16.04.2 running 'init' at Fri, 08 Apr 2022 01:45:06 +0000. Up 7.50 seconds.
[    7.657147] cloud-init[1083]: ci-info: ++++++++++++++++++++++++++++++++++++++Net device info+++++++++++++++++++++++++++++++++++++++
[    7.658126] cloud-init[1083]: ci-info: +--------+------+-----------------------------+---------------+--------+-------------------+
[    7.659179] cloud-init[1083]: ci-info: | Device |  Up  |           Address           |      Mask     | Scope  |     Hw-Address    |
[    7.660159] cloud-init[1083]: ci-info: +--------+------+-----------------------------+---------------+--------+-------------------+
[    7.661227] cloud-init[1083]: ci-info: | enp0s3 | True |          10.0.2.15          | 255.255.255.0 | global | 02:be:82:6b:cc:1d |
[    7.662310] cloud-init[1083]: ci-info: | enp0s3 | True |  fe80::be:82ff:fe6b:cc1d/64 |       .       |  link  | 02:be:82:6b:cc:1d |
[    7.663369] cloud-init[1083]: ci-info: | enp0s8 | True |        192.168.56.11        | 255.255.255.0 | global | 08:00:27:af:10:fc |
[    7.664365] cloud-init[1083]: ci-info: | enp0s8 | True | fe80::a00:27ff:feaf:10fc/64 |       .       |  link  | 08:00:27:af:10:fc |
[    7.665300] cloud-init[1083]: ci-info: |   lo   | True |          127.0.0.1          |   255.0.0.0   |  host  |         .         |
[    7.666285] cloud-init[1083]: ci-info: |   lo   | True |           ::1/128           |       .       |  host  |         .         |
[    7.667390] cloud-init[1083]: ci-info: +--------+------+-----------------------------+---------------+--------+-------------------+
[    7.668493] cloud-init[1083]: ci-info: ++++++++++++++++++++++++++++Route IPv4 info++++++++++++++++++++++++++++
[    7.669390] cloud-init[1083]: ci-info: +-------+--------------+----------+---------------+-----------+-------+
[    7.670366] cloud-init[1083]: ci-info: | Route | Destination  | Gateway  |    Genmask    | Interface | Flags |
[    7.671335] cloud-init[1083]: ci-info: +-------+--------------+----------+---------------+-----------+-------+
[    7.672299] cloud-init[1083]: ci-info: |   0   |   0.0.0.0    | 10.0.2.2 |    0.0.0.0    |   enp0s3  |   UG  |
[    7.673291] cloud-init[1083]: ci-info: |   1   |   10.0.2.0   | 0.0.0.0  | 255.255.255.0 |   enp0s3  |   U   |
[    7.674320] cloud-init[1083]: ci-info: |   2   | 192.168.56.0 | 0.0.0.0  | 255.255.255.0 |   enp0s8  |   U   |
[    7.675236] cloud-init[1083]: ci-info: +-------+--------------+----------+---------------+-----------+-------+
[    7.676319] cloud-init[1083]: ci-info: +++++++++++++++++++Route IPv6 info+++++++++++++++++++
[    7.677136] cloud-init[1083]: ci-info: +-------+-------------+---------+-----------+-------+
[    7.678027] cloud-init[1083]: ci-info: | Route | Destination | Gateway | Interface | Flags |
[    7.679007] cloud-init[1083]: ci-info: +-------+-------------+---------+-----------+-------+
[    7.679862] cloud-init[1083]: ci-info: |   0   |  fe80::/64  |    ::   |   enp0s8  |   U   |
[    7.680720] cloud-init[1083]: ci-info: |   1   |  fe80::/64  |    ::   |   enp0s3  |   U   |
[    7.681537] cloud-init[1083]: ci-info: |   4   |   ff00::/8  |    ::   |   enp0s8  |   U   |
[    7.682409] cloud-init[1083]: ci-info: |   5   |   ff00::/8  |    ::   |   enp0s3  |   U   |
[    7.683224] cloud-init[1083]: ci-info: +-------+-------------+---------+-----------+-------+
[[0;32m  OK  [0m] Started Initial cloud-init job (metadata service crawler).
[[0;32m  OK  [0m] Reached target System Initialization.
[[0;32m  OK  [0m] Listening on D-Bus System Message Bus Socket.
[[0;32m  OK  [0m] Started Ubuntu Advantage update messaging.
[[0;32m  OK  [0m] Started Message of the Day.
         Starting LXD - unix socket.
[[0;32m  OK  [0m] Started Daily Cleanup of Temporary Directories.
[[0;32m  OK  [0m] Listening on UUID daemon activation socket.
[[0;32m  OK  [0m] Started ACPI Events Check.
[[0;32m  OK  [0m] Reached target Paths.
[[0;32m  OK  [0m] Started Daily apt download activities.
[[0;32m  OK  [0m] Started Daily apt upgrade and clean activities.
[[0;32m  OK  [0m] Reached target Timers.
[[0;32m  OK  [0m] Listening on ACPID Listen Socket.
         Starting Socket activation for snappy daemon.
[[0;32m  OK  [0m] Reached target Cloud-config availability.
[[0;32m  OK  [0m] Reached target Network is Online.
         Starting iSCSI initiator daemon (iscsid)...
[[0;32m  OK  [0m] Listening on LXD - unix socket.
[[0;32m  OK  [0m] Listening on Socket activation for snappy daemon.
[[0;32m  OK  [0m] Reached target Sockets.
[[0;32m  OK  [0m] Reached target Basic System.
         Starting System Logging Service...
[[0;32m  OK  [0m] Started Deferred execution scheduler.
         Starting A high performance web server and a reverse proxy server...
         Starting Login Service...
[[0;32m  OK  [0m] Started ACPI event daemon.
         Starting LSB: Record successful boot for GRUB...
         Starting LSB: MD monitoring daemon...
[[0;32m  OK  [0m] Started Regular background program processing daemon.
         Starting OpenBSD Secure Shell server...
         Starting Snap Daemon...
         Starting Accounts Service...
         Starting LXD - container startup/shutdown...
         Starting vboxadd.service...
         Starting /etc/rc.local Compatibility...
[[0;32m  OK  [0m] Started FUSE filesystem for LXC.
[[0;32m  OK  [0m] Started D-Bus System Message Bus.
[[0;32m  OK  [0m] Started System Logging Service.
[[0;32m  OK  [0m] Started iSCSI initiator daemon (iscsid).
[[0;32m  OK  [0m] Started /etc/rc.local Compatibility.
         Starting Login to default iSCSI targets...
[[0;32m  OK  [0m] Started OpenBSD Secure Shell server.
[[0;32m  OK  [0m] Started A high performance web server and a reverse proxy server.
[[0;32m  OK  [0m] Started LSB: Record successful boot for GRUB.
[[0;32m  OK  [0m] Started LSB: MD monitoring daemon.
[[0;32m  OK  [0m] Started Login Service.
[[0;32m  OK  [0m] Started Login to default iSCSI targets.
[[0;32m  OK  [0m] Reached target Remote File Systems (Pre).
         Mounting /vagrant...
[[0;32m  OK  [0m] Started Unattended Upgrades Shutdown.
         Starting Authenticate and Authorize Users to Run Privileged Tasks...
[[0;32m  OK  [0m] Started LXD - container startup/shutdown.
[[0;1;31mFAILED[0m] Failed to mount /vagrant.
See 'systemctl status vagrant.mount' for details.
[[0;1;33mDEPEND[0m] Dependency failed for Remote File Systems.
         Starting Permit User Sessions...
         Starting LSB: automatic crash report generation...
         Starting LSB: daemon to balance interrupts for SMP systems...
         Starting LSB: Set the CPU Frequency Scaling governor to "ondemand"...
[[0;32m  OK  [0m] Started Permit User Sessions.
[[0;32m  OK  [0m] Started Authenticate and Authorize Users to Run Privileged Tasks.
[[0;32m  OK  [0m] Started Accounts Service.
         Starting Hold until boot process finishes up...
         Starting Terminate Plymouth Boot Screen...
[[0;32m  OK  [0m] Started Hold until boot process finishes up.
[[0;32m  OK  [0m] Started Serial Getty on ttyS0.
[[0;32m  OK  [0m] Started Getty on tty1.
[[0;32m  OK  [0m] Reached target Login Prompts.
         Starting Set console scheme...
[[0;32m  OK  [0m] Started LSB: automatic crash report generation.
[[0;32m  OK  [0m] Started Set console scheme.
[[0;32m  OK  [0m] Started Terminate Plymouth Boot Screen.
[[0;32m  OK  [0m] Started LSB: Set the CPU Frequency Scaling governor to "ondemand".
[[0;32m  OK  [0m] Started LSB: daemon to balance interrupts for SMP systems.
[[0;32m  OK  [0m] Started Snap Daemon.
         Starting Wait until snapd is fully seeded...
[[0;32m  OK  [0m] Started Wait until snapd is fully seeded.
         Starting Apply the settings specified in cloud-config...
[    8.271265] cloud-init[1343]: Cloud-init v. 21.1-19-gbad84ad4-0ubuntu1~16.04.2 running 'modules:config' at Fri, 08 Apr 2022 01:45:07 +0000. Up 8.21 seconds.
[[0;32m  OK  [0m] Started Apply the settings specified in cloud-config.
[[0;32m  OK  [0m] Started vboxadd.service.
         Starting vboxadd-service.service...
[[0;32m  OK  [0m] Started vboxadd-service.service.
[[0;32m  OK  [0m] Reached target Multi-User System.
         Starting Execute cloud user/final scripts...
[[0;32m  OK  [0m] Reached target Graphical Interface.
         Starting Update UTMP about System Runlevel Changes...
[[0;32m  OK  [0m] Started Update UTMP about System Runlevel Changes.
[    8.681789] cloud-init[1419]: Cloud-init v. 21.1-19-gbad84ad4-0ubuntu1~16.04.2 running 'modules:final' at Fri, 08 Apr 2022 01:45:07 +0000. Up 8.61 seconds.
[    8.683283] cloud-init[1419]: Cloud-init v. 21.1-19-gbad84ad4-0ubuntu1~16.04.2 finished at Fri, 08 Apr 2022 01:45:07 +0000. Datasource DataSourceNoCloud [seed=/dev/sdb][dsmode=net].  Up 8.67 seconds
[[0;32m  OK  [0m] Started Execute cloud user/final scripts.
[[0;32m  OK  [0m] Reached target Cloud-init target.

Ubuntu 16.04.7 LTS web1 ttyS0

web1 login: [[0;32m  OK  [0m] Stopped Unattended Upgrades Shutdown.
[[0;32m  OK  [0m] Stopped target Timers.
         Unmounting /vagrant...
[[0;32m  OK  [0m] Stopped Daily Cleanup of Temporary Directories.
[[0;32m  OK  [0m] Stopped target Graphical Interface.
[[0;32m  OK  [0m] Stopped Message of the Day.
[[0;32m  OK  [0m] Stopped Ubuntu Advantage update messaging.
         Stopping Accounts Service...
         Stopping Authenticate and Authorize Users to Run Privileged Tasks...
[[0;32m  OK  [0m] Stopped Daily apt upgrade and clean activities.
[[0;32m  OK  [0m] Stopped Daily apt download activities.
         Stopping User Manager for UID 1000...
[[0;32m  OK  [0m] Stopped target System Time Synchronized.
[[0;32m  OK  [0m] Closed Load/Save RF Kill Switch Status /dev/rfkill Watch.
         Stopping Session 4 of user vagrant.
[[0;32m  OK  [0m] Stopped target Cloud-init target.
[[0;32m  OK  [0m] Stopped Execute cloud user/final scripts.
[[0;32m  OK  [0m] Stopped Apply the settings specified in cloud-config.
[[0;32m  OK  [0m] Stopped target Cloud-config availability.
[[0;32m  OK  [0m] Stopped target Multi-User System.
         Stopping FUSE filesystem for LXC...
         Stopping LSB: Record successful boot for GRUB...
[[0;32m  OK  [0m] Stopped target Login Prompts.
         Stopping Serial Getty on ttyS0...
         Stopping Getty on tty1...
         Stopping Deferred execution scheduler...
         Stopping Regular background program processing daemon...
         Stopping OpenBSD Secure Shell server...
         Stopping LSB: MD monitoring daemon...
         Stopping LSB: Set the CPU Frequency Scaling governor to "ondemand"...
         Stopping System Logging Service...
         Stopping LSB: automatic crash report generation...
         Stopping vboxadd-service.service...
[[0;32m  OK  [0m] Stopped Wait until snapd is fully seeded.
         Stopping A high performance web server and a reverse proxy server...
         Stopping LXD - container startup/shutdown...
         Stopping LSB: daemon to balance interrupts for SMP systems...
         Stopping D-Bus System Message Bus...
         Stopping ACPI event daemon...
[[0;32m  OK  [0m] Unmounted /var/lib/lxcfs.
[[0;32m  OK  [0m] Stopped System Logging Service.
[[0;32m  OK  [0m] Stopped Deferred execution scheduler.
[[0;32m  OK  [0m] Stopped Regular background program processing daemon.
[[0;32m  OK  [0m] Stopped Accounts Service.
[[0;32m  OK  [0m] Stopped OpenBSD Secure Shell server.
[[0;32m  OK  [0m] Stopped Authenticate and Authorize Users to Run Privileged Tasks.
[[0;32m  OK  [0m] Stopped Serial Getty on ttyS0.
[[0;32m  OK  [0m] Stopped Getty on tty1.
[[0;32m  OK  [0m] Stopped User Manager for UID 1000.
[[0;32m  OK  [0m] Unmounted /vagrant.
[[0;32m  OK  [0m] Stopped Session 4 of user vagrant.
[[0;32m  OK  [0m] Stopped D-Bus System Message Bus.
[[0;32m  OK  [0m] Stopped FUSE filesystem for LXC.
[[0;32m  OK  [0m] Stopped A high performance web server and a reverse proxy server.
[[0;32m  OK  [0m] Stopped vboxadd-service.service.
[[0;32m  OK  [0m] Stopped LSB: Record successful boot for GRUB.
[[0;32m  OK  [0m] Stopped LSB: MD monitoring daemon.
[[0;32m  OK  [0m] Stopped LSB: Set the CPU Frequency Scaling governor to "ondemand".
[[0;32m  OK  [0m] Stopped LSB: automatic crash report generation.
         Stopping vboxadd.service...
[[0;32m  OK  [0m] Stopped target Remote File Systems (Pre).
         Stopping Login to default iSCSI targets...
[[0;32m  OK  [0m] Removed slice User Slice of vagrant.
         Stopping Login Service...
[[0;32m  OK  [0m] Removed slice system-getty.slice.
[[0;32m  OK  [0m] Removed slice system-serial\x2dgetty.slice.
[[0;32m  OK  [0m] Stopped /etc/rc.local Compatibility.
         Stopping Permit User Sessions...
[[0;32m  OK  [0m] Stopped ACPI event daemon.
[[0;32m  OK  [0m] Stopped LXD - container startup/shutdown.
[[0;32m  OK  [0m] Stopped LSB: daemon to balance interrupts for SMP systems.
[[0;32m  OK  [0m] Stopped Permit User Sessions.
[[0;32m  OK  [0m] Stopped vboxadd.service.
[[0;32m  OK  [0m] Stopped Login to default iSCSI targets.
         Stopping iSCSI initiator daemon (iscsid)...
[[0;32m  OK  [0m] Stopped iSCSI initiator daemon (iscsid).
[[0;32m  OK  [0m] Stopped target Network is Online.
[[0;32m  OK  [0m] Stopped target Network.
[[0;32m  OK  [0m] Stopped Login Service.
[[0;32m  OK  [0m] Stopped target User and Group Name Lookups.
[[0;32m  OK  [0m] Stopped target Basic System.
[[0;32m  OK  [0m] Stopped target Slices.
[[0;32m  OK  [0m] Removed slice User and Session Slice.
[[0;32m  OK  [0m] Stopped target Paths.
[[0;32m  OK  [0m] Stopped Forward Password Requests to Wall Directory Watch.
[[0;32m  OK  [0m] Stopped ACPI Events Check.
[[0;32m  OK  [0m] Stopped Dispatch Password Requests to Console Directory Watch.
[[0;32m  OK  [0m] Stopped target Sockets.
[[0;32m  OK  [0m] Closed Syslog Socket.
[[0;32m  OK  [0m] Closed LXD - unix socket.
[[0;32m  OK  [0m] Closed UUID daemon activation socket.
[[0;32m  OK  [0m] Closed D-Bus System Message Bus Socket.
[[0;32m  OK  [0m] Closed Socket activation for snappy daemon.
[[0;32m  OK  [0m] Closed ACPID Listen Socket.
[[0;32m  OK  [0m] Stopped target System Initialization.
[[0;32m  OK  [0m] Stopped target Encrypted Volumes.
         Stopping Load/Save Random Seed...
[[0;32m  OK  [0m] Stopped Create Volatile Files and Directories.
[[0;32m  OK  [0m] Stopped target Swap.
[[0;32m  OK  [0m] Stopped Initial cloud-init job (metadata service crawler).
         Stopping Raise network interfaces...
[[0;32m  OK  [0m] Stopped Load/Save Random Seed.
[[0;32m  OK  [0m] Stopped Raise network interfaces.
[[0;32m  OK  [0m] Stopped target Network (Pre).
[[0;32m  OK  [0m] Stopped Initial cloud-init job (pre-networking).
[[0;32m  OK  [0m] Stopped target Local File Systems.
         Unmounting /run/user/1000...
[[0;32m  OK  [0m] Stopped Apply Kernel Variables.
[[0;32m  OK  [0m] Stopped Load Kernel Modules.
[[0;32m  OK  [0m] Unmounted /run/user/1000.
[[0;32m  OK  [0m] Reached target Unmount All Filesystems.
[[0;32m  OK  [0m] Stopped target Local File Systems (Pre).
         Stopping Monitoring of LVM2 mirrors... dmeventd or progress polling...
[[0;32m  OK  [0m] Stopped Remount Root and Kernel File Systems.
[[0;32m  OK  [0m] Stopped Create Static Device Nodes in /dev.
[[0;32m  OK  [0m] Reached target Shutdown.
[ 5447.134946] reboot: Power down
